---
source: pulldown-cmark-mdcat/tests/render.rs
expression: "render_to_string(markdown_file, &ansi_settings)"
input_file: pulldown-cmark-mdcat/tests/markdown/commonmark-spec/077-atx_headings.md
---
[32m════════════════════════════════════════════════════════════════════════════════[0m

[1m[34m━━ [0m[1m[34mfoo[0m

[32m════════════════════════════════════════════════════════════════════════════════[0m
