---
source: pulldown-cmark-mdcat/tests/render.rs
expression: "render_to_string(markdown_file, &ansi_settings)"
input_file: pulldown-cmark-mdcat/tests/markdown/commonmark-spec/254-list_items.md
---
 1. A paragraph with two lines.


    [33m[48;5;236m    indented code[K[0m


        [3mA block quote.[0m
