---
source: pulldown-cmark-mdcat/tests/render.rs
expression: "render_to_string(markdown_file, &iterm2_settings)"
input_file: pulldown-cmark-mdcat/tests/markdown/samples/code_blocks.md
---
Code blocks without syntax highlighting:


[33mSome plain
[0m[33mcode block
[0m[33m   fooo
[0m

Or with syntax highlighting, eg, Rust:


[34mfn[0m [33mmain[0m() {
    [32mprintln![0m("[36mHello world[0m")
}


Or Scala:


[34mobject[0m [33mHelloWorld[0m {
  [34mdef[0m [33mmain[0m([34margs[0m: [32mArray[0m[[32mString[0m]): [34mUnit[0m = {
    println("[36mHello, world![0m")
  }
}


A highlighted code block nested in a list item, to check that every line of the
block keeps the same indentation:

• item


    [32mSELECT[0m [95m1[0m
    [32mFROM[0m t;
