---
source: pulldown-cmark-mdcat/tests/render.rs
expression: "render_to_string(markdown_file, &iterm2_settings)"
input_file: pulldown-cmark-mdcat/tests/markdown/samples/tables.md
---
Explicit line breaks in a cell:

──────────
 [1ma[0m      [1mb[0m 
──────────
 line1  x 
 line2    
 b      c 
──────────

Wide cell content wraps to fit the terminal:

────────────────────────────────────────────────────────────────────────────────
 [1mhead[0m                                                                           
────────────────────────────────────────────────────────────────────────────────
 This is a long cell that should wrap across multiple lines because its content 
 exceeds the eighty column default terminal width used in these render tests.   
────────────────────────────────────────────────────────────────────────────────

Column widths are distributed proportionally, without breaking a short word
apart just to make room for a long neighbour:

────────────────────────────────────────────────────────────────────────────────
 [1ma[0m      [1mb[0m                                                                       
────────────────────────────────────────────────────────────────────────────────
 short  this cell has quite a lot of content that needs wrapping to fit, unlike 
        its narrow single-word neighbour                                        
────────────────────────────────────────────────────────────────────────────────
