---
source: pulldown-cmark-mdcat/tests/render.rs
expression: "render_to_string(markdown_file, &iterm2_settings)"
input_file: pulldown-cmark-mdcat/tests/markdown/commonmark-spec/246-block_quotes.md
---
[36m│[0m [3maaa[0m

[32m════════════════════════════════════════════════════════════════════════════════[0m

[36m│[0m [3mbbb[0m
